www.5isudu.com  /home/www/default/5isudu

www.forum.5isudu.com /home/www/default/suduforum
forum.5isudu.com /home/www/default/suduforum

www.wittms.com  /home/www/default/wittms

www.witsms.com /home/www/default/witsms

www.tccymm.com /home/www/default/tccymm

www.aliarm.com /home/www/default/aliarm

www.hanlinwa.com /home/www/default/hanlinwa

www.bbs.hanlinwa.com /home/www/default/hanlinwaBBS
bbs.hanlinwa.com /home/www/default/hanlinwaBBS

www.tonyforce.com /home/www/default/tonyforce

www.spycamhidden.com /home/www/default/spycamhidden

www.dmicroscope.com /home/www/default/dmicroscope

www.lucklaser.com /home/www/default/lucklaser

www.nightvisionhome.com /home/www/default/nightvisionhome

www.hiteclaser.com /home/www/default/hiteclaser

www.gome007.com /home/www/default/gome007

www.jtbyh.com /home/www/default/jtbyh

www.yijinhome.com /home/www/default/yijinhome

www.takayi.com /home/www/default/takayi

www.kennbikyou.com /home/www/default/kennbikyou

www.laser-door.com /home/www/default/laser-door

www.civillaser.com /home/www/default/Civillaser

www.en.civillaser.com /home/www/default/Civillaser-en
en.civillaser.com /home/www/default/Civillaser-en

www.jp.civillaser.com /home/www/default/Civillaser-jp
jp.civillaser.com /home/www/default/Civillaser-jp




